(agda2-status-action "")
(agda2-info-action "*Type-checking*" "" nil)
(agda2-highlight-clear)
(agda2-info-action "*Type-checking*" "Checking Issue417 (Issue417.agda). " t)
(agda2-info-action "*Type-checking*" "Finished Issue417. " t)
(agda2-status-action "Checked")
(agda2-info-action "*All Done*" "" nil)
((last . 1) . (agda2-goals-action '()))
(agda2-status-action "Checked")
(agda2-info-action "*Inferred Type*" "A ≡ Set" nil)
((last . 1) . (agda2-goals-action '()))
(agda2-status-action "Checked")
(agda2-info-action "*Inferred Type*" "A ≡ Set" nil)
((last . 1) . (agda2-goals-action '()))
