(agda2-status-action "")
(agda2-info-action "*Type-checking*" "" nil)
(agda2-highlight-clear)
(agda2-info-action "*Type-checking*" "Checking Issue1365 (Issue1365.agda). " t)
(agda2-status-action "")
(agda2-info-action "*All Goals, Errors*" "?0 : Alg (_Ψ_544 φ m p k v) (_X_545 φ m p k v) ?1 : _Ω_543 φ m p k v ⇛[ _f_546 φ m p k v ] _Ψ_544 φ m p k v ?2 : _x_549 φ m p k v ∈ ⟦ _Ω_543 φ m p k v ⟧ ((λ {.x} → _X_545 φ m p k v) ∘ _f_546 φ m p k v) _I_541 : Set [ at Issue1365.agda:165,37-43 ] _J_542 : Set [ at Issue1365.agda:165,37-43 ] _Ω_543 : Sig (_I_541 φ m p k v) [ at Issue1365.agda:165,37-43 ] _Ψ_544 : Sig (_J_542 φ m p k v) [ at Issue1365.agda:165,37-43 ] _X_545 : Pow (_J_542 φ m p k v) [ at Issue1365.agda:165,37-43 ] _f_546 : _I_541 φ m p k v → _J_542 φ m p k v [ at Issue1365.agda:165,37-43 ] _x_549 : _I_541 φ m p k v [ at Issue1365.agda:165,37-59 ] _551 : μ (.Ω″ ⋆^C .W) (proj₂ (.f .i)) [ at Issue1365.agda:165,37-64 ] _552 : μ (.Ω″ ⋆^C .W) (proj₂ (.f .i)) [ at Issue1365.agda:165,37-64 ] ———— Errors ———————————————————————————————————————————————— Failed to solve the following constraints: [0] _551 := λ {.I} {.i} {.J} {.K} {.Ω} {.Ω′} {.Ω″} {.U} {.V} {.W} {.f} φ m p k v → weaken (?0 φ m p k v) (?1 φ m p k v) (?2 φ m p k v) [blocked on problem 978] [978] _X_545 φ m p k v (_f_546 φ m p k v (_x_549 φ m p k v)) =< μ (.Ω″ ⋆^C .W) (proj₂ (.f .i)) : Set " nil)
((last . 1) . (agda2-goals-action '(0 1 2)))
(agda2-info-action "*Error*" "Issue1365.agda:165,37-64 _x_583 φ m p k v ∈ ((λ {.x} → _V_557 φ m p k v) ∘ proj₁) → _x_583 φ m p k v ∈ ((λ {.x} → ((λ o → Parameter .Ω″ o) ◃ (λ {o} → Arity .Ω″) / (λ {o} → input .Ω″)) ⋆ (λ z → .W z)) ∘ proj₂) !=< μ (.Ω″ ⋆^C .W) (proj₂ (.f .i)) of type Set when checking that the expression weaken ? ? ? has type proj₂ (.f .i) ∈ (.Ω″ ⋆ .W)" nil)
((last . 3) . (agda2-maybe-goto '("Issue1365.agda" . 4945)))
(agda2-highlight-load-and-delete-action)
(agda2-status-action "")
(agda2-info-action "*Error*" "Issue1365.agda:165,37-64 _x_583 φ m p k v ∈ ((λ {.x} → _V_557 φ m p k v) ∘ proj₁) → _x_583 φ m p k v ∈ ((λ {.x} → ((λ o → Parameter .Ω″ o) ◃ (λ {o} → Arity .Ω″) / (λ {o} → input .Ω″)) ⋆ (λ z → .W z)) ∘ proj₂) !=< μ (.Ω″ ⋆^C .W) (proj₂ (.f .i)) of type Set when checking that the expression weaken ? ? ? has type proj₂ (.f .i) ∈ (.Ω″ ⋆ .W)" nil)
((last . 3) . (agda2-maybe-goto '("Issue1365.agda" . 4945)))
(agda2-highlight-load-and-delete-action)
(agda2-status-action "")
