(agda2-status-action "")
(agda2-info-action "*Type-checking*" "" nil)
(agda2-highlight-clear)
(agda2-info-action "*Type-checking*" "Checking Issue731 (Issue731.agda). " t)
(agda2-status-action "")
(agda2-info-action "*All Goals, Errors*" "Sort _1 [ at Issue731.agda:5,15-16 ] _2 : Set _1 [ at Issue731.agda:5,15-16 ] _4 : empty → Set [ at Issue731.agda:9,7-10 ] _5 : empty → Set [ at Issue731.agda:9,7-10 ] ———— Errors ———————————————————————————————————————————————— Failed to solve the following constraints: [0] _4 := foo [blocked on problem 3] [3] _2 =< Set : Set _1 [0] _1 = .Agda.Primitive.lsuc .Agda.Primitive.lzero [0] _1 = .Agda.Primitive.lsuc .Agda.Primitive.lzero " nil)
((last . 1) . (agda2-goals-action '()))
(agda2-status-action "")
(agda2-info-action "*Constraints*" "_4 := foo [blocked by problem 3] [3] _2 =< Set : Set _1 _1 = (.Agda.Primitive.lsuc .Agda.Primitive.lzero) _1 = (.Agda.Primitive.lsuc .Agda.Primitive.lzero) " nil)
((last . 1) . (agda2-goals-action '()))
