(agda2-status-action "")
(agda2-info-action "*Type-checking*" "" nil)
(agda2-highlight-clear)
(agda2-info-action "*Type-checking*" "Checking Issue2095 (Issue2095.agda). " t)
(agda2-info-action "*Type-checking*" " Checking Agda.Builtin.Size (agda-default-include-path/Agda/Builtin/Size.agda). " t)
(agda2-info-action "*Type-checking*" " Finished Agda.Builtin.Size. " t)
(agda2-status-action "")
(agda2-info-action "*All Goals, Errors*" "?0 : Size Sort _89 [ at Issue2095.agda:30,11-12 ] _90 : Set _89 [ at Issue2095.agda:30,11-12 ] _m′_102 : Size< ?0 [ at Issue2095.agda:31,8-11 ] _m′_106 : Size< _m′_102 [ at Issue2095.agda:31,13-16 ] _m′_110 : Size< _m′_106 [ at Issue2095.agda:31,18-21 ] _m″_111 : Size< _m′_106 [ at Issue2095.agda:31,18-21 ] _m′_115 : Size< _m′_110 [ at Issue2095.agda:31,23-26 ] _m″_116 : Size< _m′_110 [ at Issue2095.agda:31,23-26 ] ———— Errors ———————————————————————————————————————————————— Failed to solve the following constraints: [0] ↑ _m′_102 =< ?0 : Size [0] ↑ _m′_106 =< _m′_102 : Size [0] ↑ _m′_110 =< _m′_106 : Size [0] ↑ _m″_111 =< _m′_106 : Size [0] ↑ _m′_115 =< _m′_110 : Size [0] ↑ _m″_116 =< _m′_110 : Size " nil)
((last . 1) . (agda2-goals-action '(0)))
(agda2-give-action 0 "↑ (↑ (↑ (↑ m)))")
(agda2-status-action "")
(agda2-info-action "*All Done*" "" nil)
((last . 1) . (agda2-goals-action '()))
