(agda2-status-action "")
(agda2-info-action "*Type-checking*" "" nil)
(agda2-highlight-clear)
(agda2-info-action "*Type-checking*" "Checking Issue903 (Issue903.agda). " t)
(agda2-status-action "")
(agda2-info-action "*All Goals, Errors*" "?0 : Set → Set ?1 : ?0 T ?2 : Set ?3 : Id ?2 (?1 tt) _19 : Id (?0 T) ?1 [ at Issue903.agda:18,18-32 ] _20 : Id (?0 T) ?1 [ at Issue903.agda:18,18-32 ] ———— Errors ———————————————————————————————————————————————— Failed to solve the following constraints: [0] _19 := e ?2 ?1 ?3 [blocked on problem 24] [24] T → ?2 = ?0 T : Set " nil)
((last . 1) . (agda2-goals-action '(0 1 2 3)))
(agda2-give-action 3 "h")
(agda2-status-action "")
(agda2-info-action "*All Goals, Errors*" "?0 : Set → Set ?1 : ?0 T ?2 : Set _19 : Id (?0 T) ?1 [ at Issue903.agda:18,18-32 ] _20 : Id (?0 T) ?1 [ at Issue903.agda:18,18-32 ] _21 : Id T (?1 tt) [ at 1,1-2 ] _22 : Id T (?1 tt) [ at 1,1-2 ] ———— Errors ———————————————————————————————————————————————— Failed to solve the following constraints: [0] _21 := h [blocked on problem 28] [24] T → T = ?0 T : Set [0] _19 := e T ?1 _22 [blocked on problem 24] [28] tt = (?1 tt) : T " nil)
((last . 1) . (agda2-goals-action '(0 1 2)))
