(agda2-status-action "")
(agda2-info-action "*Type-checking*" "" nil)
(agda2-highlight-clear)
(agda2-info-action "*Type-checking*" "Checking Issue1353 (Issue1353.agda). " t)
(agda2-verbose "Found interaction point ?0 : (Pow I) ")
(agda2-status-action "ShowImplicit")
(agda2-info-action "*All Goals, Errors*" "?0 : Pow I _238 : (a : Arity Ω {i} p) → _X_240 {I} {X} {i} (input Ω {i} p a) [ at Issue1353.agda:89,71-72 ] _239 : (a : Arity Ω {i} p) → _X_240 {I} {X} {i} (input Ω {i} p a) [ at Issue1353.agda:89,71-72 ] _X_240 : Pow I [ at Issue1353.agda:89,60-65 ] _241 : Σ (Parameter Ψ i) (λ p → (a : Arity Ψ {i} p) → X (input Ψ {i} p a)) [ at Issue1353.agda:89,54-73 ] _242 : Σ (Parameter Ψ i) (λ p → (a : Arity Ψ {i} p) → X (input Ψ {i} p a)) [ at Issue1353.agda:89,54-73 ] ———— Errors ———————————————————————————————————————————————— Failed to solve the following constraints: [358] _X_240 {I} {X} {i} (input Ψ {i} x a) =< X (input Ψ {i} x a) : Set [0] _238 := (λ {I} {Ω} {Ψ} {X} φ m {i} p k → k) [blocked on problem 355] [355] X (input Ω {i} p a) =< _X_240 {I} {X} {i} (input Ω {i} p a) : Set [0] _241 := λ {I} {Ω} {Ψ} {X} φ m {i} p k → ⟪_⟫ {I} {Ω} {Ψ} m (_X_240 {I} {X} {i}) {i} (p , _239 {I} {Ω} {Ψ} {X} φ m {i} p k) [blocked on problem 358] " nil)
((last . 1) . (agda2-goals-action '(0)))
(agda2-give-action 0 "X")
(agda2-status-action "ShowImplicit")
(agda2-info-action "*All Done*" "" nil)
((last . 1) . (agda2-goals-action '()))
