(agda2-status-action "")
(agda2-info-action "*Type-checking*" "" nil)
(agda2-highlight-clear)
(agda2-info-action "*Type-checking*" "Checking Issue591 (Issue591.agda). " t)
(agda2-info-action "*Type-checking*" " Checking Issue591.M (Issue591/M.agda). " t)
(agda2-info-action "*Type-checking*" " Finished Issue591.M. " t)
(agda2-info-action "*Type-checking*" "Finished Issue591. " t)
(agda2-status-action "Checked")
(agda2-info-action "*All Done*" "" nil)
((last . 1) . (agda2-goals-action '()))
