(agda2-status-action "")
(agda2-info-action "*Type-checking*" "" nil)
(agda2-highlight-clear)
(agda2-info-action "*Type-checking*" "Checking Issue1804 (Issue1804.agda). " t)
(agda2-info-action "*Type-checking*" "Finished Issue1804. " t)
(agda2-status-action "Checked")
(agda2-info-action "*All Done*" "" nil)
((last . 1) . (agda2-goals-action '()))
(agda2-status-action "Checked")
(agda2-info-action "*Scope Info*" "F is not in scope." nil)
((last . 1) . (agda2-goals-action '()))
