(agda2-status-action "")
(agda2-info-action "*Type-checking*" "" nil)
(agda2-highlight-clear)
(agda2-info-action "*Type-checking*" "Checking Issue1523 (Issue1523.agda). " t)
(agda2-info-action "*Type-checking*" " Checking Common.Size (Size.agda). " t)
(agda2-info-action "*Type-checking*" " Checking Agda.Builtin.Size (agda-default-include-path/Agda/Builtin/Size.agda). " t)
(agda2-info-action "*Type-checking*" " Finished Agda.Builtin.Size. " t)
(agda2-info-action "*Type-checking*" " Finished Common.Size. " t)
(agda2-status-action "")
(agda2-info-action "*All Goals*" "?0 : (j₁ : Size< i) → .A j₁ → U j₁ " nil)
((last . 1) . (agda2-goals-action '(0)))
(agda2-give-action 0 "(λ (j₁ : Size< i) → fixU j₁ f)")
(agda2-status-action "")
(agda2-info-action "*All Done*" "" nil)
((last . 1) . (agda2-goals-action '()))
